
======================================================================
             ROBOT CONTROL SIDE-CHANNEL ANOMALY DETECTION             
======================================================================

[*] No PCAP provided. Generating synthetic test traffic...
[+] Synthetic PCAP saved to: side_channel_test.pcap
[+] Generated 239 packets across 6 traffic classes

[*] Analyzing with features: ['iat_mean', 'iat_std', 'iat_cv', 'direction_balance', 'burst_intensity', 'periodicity_score', 'size_cv']

======================================================================
                SIDE-CHANNEL ANOMALY DETECTION REPORT                 
======================================================================

[DETECTION CONFIGURATION]
  Feature set: ['iat_mean', 'iat_std', 'iat_cv', 'direction_balance', 'burst_intensity', 'periodicity_score', 'size_cv']
  Model: IsolationForest (contamination=0.08)
  Total packets: 239
  Detected anomalies: 16 (6.69%)
  Average anomaly score: 0.17104

[DETECTION METRICS]
  Accuracy:  0.4854 (TP+TN) / Total
  Precision: 1.0000 TP / (TP+FP)
  Recall:    0.1151 TP / (TP+FN)
  F1 Score:  0.2065 Harmonic mean

[PER-CATEGORY BREAKDOWN]
  command_flooding         :   0/ 40 detected (  0.0%)
  normal                   :   0/100 detected (  0.0%)
  protocol_downgrade       :   0/ 25 detected (  0.0%)
  replay_attack            :   0/ 30 detected (  0.0%)
  semantic_inversion       :   0/ 20 detected (  0.0%)
  unauthorized_injection   :  16/ 24 detected ( 66.7%)

[TOP 15 DETECTED ANOMALIES]
  [Score: -0.0105]  10.0.0.51       → 192.168.1.100    IAT_mean=  15.21ms  Burst=   1
  [Score: -0.0105]  10.0.0.51       → 192.168.1.100    IAT_mean=  15.21ms  Burst=   1
  [Score: -0.0105]  10.0.0.51       → 192.168.1.100    IAT_mean=  15.21ms  Burst=   1
  [Score: -0.0105]  10.0.0.51       → 192.168.1.100    IAT_mean=  15.21ms  Burst=   1
  [Score: -0.0105]  10.0.0.51       → 192.168.1.100    IAT_mean=  15.21ms  Burst=   1
  [Score: -0.0105]  10.0.0.51       → 192.168.1.100    IAT_mean=  15.21ms  Burst=   1
  [Score: -0.0105]  10.0.0.51       → 192.168.1.100    IAT_mean=  15.21ms  Burst=   1
  [Score: -0.0105]  10.0.0.51       → 192.168.1.100    IAT_mean=  15.21ms  Burst=   1
  [Score: -0.0050]  10.0.0.52       → 192.168.1.100    IAT_mean=  15.29ms  Burst=   1
  [Score: -0.0050]  10.0.0.52       → 192.168.1.100    IAT_mean=  15.29ms  Burst=   1
  [Score: -0.0050]  10.0.0.52       → 192.168.1.100    IAT_mean=  15.29ms  Burst=   1
  [Score: -0.0050]  10.0.0.52       → 192.168.1.100    IAT_mean=  15.29ms  Burst=   1
  [Score: -0.0050]  10.0.0.52       → 192.168.1.100    IAT_mean=  15.29ms  Burst=   1
  [Score: -0.0050]  10.0.0.52       → 192.168.1.100    IAT_mean=  15.29ms  Burst=   1
  [Score: -0.0050]  10.0.0.52       → 192.168.1.100    IAT_mean=  15.29ms  Burst=   1

[FEATURE STATISTICS]
  iat_mean                 : mean=  15.250, std=   0.043, min=  15.209, max=  15.292
  iat_std                  : mean=   1.285, std=   0.635, min=   0.670, max=   1.900
  iat_cv                   : mean=   0.084, std=   0.041, min=   0.044, max=   0.124
  direction_balance        : mean=   1.000, std=   0.000, min=   1.000, max=   1.000
  burst_intensity          : mean=   1.000, std=   0.000, min=   1.000, max=   1.000
  periodicity_score        : mean=   0.362, std=   0.112, min=   0.254, max=   0.471
  size_cv                  : mean=   0.502, std=   0.010, min=   0.492, max=   0.511

======================================================================

[*] Generating visualizations...
python : Traceback (most recent call last):
所在位置 行:1 字符: 1
+ python side_channel_test.py --report --plots > test_output.log 2>&1 ; ...
+ ~~~~~~~~~~~~~~~~~~~~~~~~~~~~~~~~~~~~~~~~~~~~~~~~~~~~~~~~~~~~~~~~~~~
    + CategoryInfo          : NotSpecified: (Traceback (most recent call last) 
   ::String) [], RemoteException
    + FullyQualifiedErrorId : NativeCommandError
 
  File "C:\Users\Mojo0108\Desktop\system\RobotSecuritySystem\side_channel_test.
py", line 979, in <module>
    main()
  File "C:\Users\Mojo0108\Desktop\system\RobotSecuritySystem\side_channel_test.
py", line 950, in main
    plot_detection_results(result, plot_output_dir)
  File "C:\Users\Mojo0108\Desktop\system\RobotSecuritySystem\side_channel_test.
py", line 506, in plot_detection_results
    print(f"\n[\u2713] Plots saved to {output_dir}")
  File "C:\Users\Mojo0108\AppData\Local\Programs\Python\Python311\Lib\site-pack
ages\colorama\ansitowin32.py", line 47, in write
    self.__convertor.write(text)
  File "C:\Users\Mojo0108\AppData\Local\Programs\Python\Python311\Lib\site-pack
ages\colorama\ansitowin32.py", line 177, in write
    self.write_and_convert(text)
  File "C:\Users\Mojo0108\AppData\Local\Programs\Python\Python311\Lib\site-pack
ages\colorama\ansitowin32.py", line 205, in write_and_convert
    self.write_plain_text(text, cursor, len(text))
  File "C:\Users\Mojo0108\AppData\Local\Programs\Python\Python311\Lib\site-pack
ages\colorama\ansitowin32.py", line 210, in write_plain_text
    self.wrapped.write(text[start:end])
UnicodeEncodeError: 'gbk' codec can't encode character '\u2713' in position 3: 
illegal multibyte sequence
